
> crafd-crisis-data-funding-compass@0.1.0 build
> next build

node.exe :  ÔÜá Warning: Next.js inferred your workspace root, but it may not be correct.
In Zeile:1 Zeichen:1
+ & "C:\Program Files\nodejs/node.exe" "C:\Program Files\nodejs/node_mo ...
+ ~~~~~~~~~~~~~~~~~~~~~~~~~~~~~~~~~~~~~~~~~~~~~~~~~~~~~~~~~~~~~~~~~~~~~
    + CategoryInfo          : NotSpecified: ( ÔÜá Warning: N...not be correct.:String) [], RemoteException
    + FullyQualifiedErrorId : NativeCommandError
 
 We detected multiple lockfiles and selected the directory of C:\Users\PCUser\package-lock.json as the root directory.
 To silence this warning, set `outputFileTracingRoot` in your Next.js config, or consider removing one of the lockfiles 
if it's not needed.
   See https://nextjs.org/docs/app/api-reference/config/next-config-js/output#caveats for more information.
 Detected additional lockfiles: 
   * C:\Users\PCUser\Documents\2_Work\5_CRAFD\3_Code\crafd-crisis-data-funding-compass\package-lock.json

   Ôû▓ Next.js 15.5.7
   - Environments: .env.local

   Creating an optimized production build ...
